
> my-project@0.1.0 npx
> next build

npx : ΓÜá Warning: Next.js inferred your workspace root, but it may not be correct.
At line:1 char:1
+ npx next build 2>&1 | Out-File -FilePath ".\build_output.txt" -Encodi ...
+ ~~~~~~~~~~~~~~~~~~~
    + CategoryInfo          : NotSpecified: (ΓÜá Warning: Ne...not be correct.:String) [], RemoteException
    + FullyQualifiedErrorId : NativeCommandError
 
 We detected multiple lockfiles and selected the directory of C:\Users\Magicbook\package-lock.json as the root 
directory.
 To silence this warning, set `turbopack.root` in your Next.js config, or consider removing one of the lockfiles if 
it's not needed.
   See https://nextjs.org/docs/app/api-reference/config/next-config-js/turbopack#root-directory for more information.
 Detected additional lockfiles: 
   * C:\Users\Magicbook\Desktop\IT\DAS_PAY\pnpm-lock.yaml

Warning: Custom Cache-Control headers detected for the following routes:
  - /_next/static/:path*

Setting a custom Cache-Control header can break Next.js development behavior.
Γû▓ Next.js 16.2.0 (Turbopack)
- Environments: .env
- Experiments (use with caution):
  ┬╖ optimizePackageImports

ΓÜá The "middleware" file convention is deprecated. Please use "proxy" instead. Learn more: 
https://nextjs.org/docs/messages/middleware-to-proxy
  Creating an optimized production build ...
Γ£ô Compiled successfully in 15.2s
  Running TypeScript ...
  Finished TypeScript in 23.9s ...
  Collecting page data using 7 workers ...
  Generating static pages using 7 workers (0/171) ...
  Generating static pages using 7 workers (42/171) 
  Generating static pages using 7 workers (85/171) 
  Generating static pages using 7 workers (128/171) 
Γ£ô Generating static pages using 7 workers (171/171) in 3.2s
  Finalizing page optimization ...

Route (app)
Γöî Γùï /
Γö£ Γùï /_not-found
Γö£ ΓùÅ /[locale]
Γöé Γö£ /uz
Γöé Γö£ /ru
Γöé Γöö /en
Γö£ ΓùÅ /[locale]/about
Γöé Γö£ /uz/about
Γöé Γö£ /ru/about
Γöé Γöö /en/about
Γö£ ╞Æ /[locale]/admin
Γö£ ΓùÅ /[locale]/admin-login
Γöé Γö£ /uz/admin-login
Γöé Γö£ /ru/admin-login
Γöé Γöö /en/admin-login
Γö£ ╞Æ /[locale]/admin/analytics
Γö£ ╞Æ /[locale]/admin/audit
Γö£ ╞Æ /[locale]/admin/blog
Γö£ ╞Æ /[locale]/admin/blog/[id]
Γö£ ╞Æ /[locale]/admin/calendar
Γö£ ╞Æ /[locale]/admin/clients
Γö£ ╞Æ /[locale]/admin/clients/[id]
Γö£ ╞Æ /[locale]/admin/contracts
Γö£ ╞Æ /[locale]/admin/feedback
Γö£ ╞Æ /[locale]/admin/global-map
Γö£ ╞Æ /[locale]/admin/invoices
Γö£ ╞Æ /[locale]/admin/invoices/[id]
Γö£ ╞Æ /[locale]/admin/invoices/new
Γö£ ╞Æ /[locale]/admin/kpi
Γö£ ╞Æ /[locale]/admin/leads
Γö£ ╞Æ /[locale]/admin/partners
Γö£ ╞Æ /[locale]/admin/partners/[id]
Γö£ ╞Æ /[locale]/admin/shipments
Γö£ ╞Æ /[locale]/admin/shipments/[id]
Γö£ ╞Æ /[locale]/admin/stations
Γö£ ╞Æ /[locale]/admin/stations/[id]
Γö£ ╞Æ /[locale]/admin/tariffs
Γö£ ╞Æ /[locale]/admin/tariffs/[id]
Γö£ ╞Æ /[locale]/admin/tasks
Γö£ ╞Æ /[locale]/admin/users
Γö£ ╞Æ /[locale]/admin/wagons
Γö£ ΓùÅ /[locale]/blog
Γöé Γö£ /uz/blog
Γöé Γö£ /ru/blog
Γöé Γöö /en/blog
Γö£ ΓùÅ /[locale]/blog/[slug]
Γöé Γö£ /uz/blog/shipping-from-china-to-uzbekistan
Γöé Γö£ /uz/blog/new-customs-regulations-2024
Γöé Γö£ /uz/blog/multimodal-transport-guide
Γöé Γöö [+6 more paths]
Γö£ ╞Æ /[locale]/cabinet
Γö£ ╞Æ /[locale]/cabinet/addresses
Γö£ ╞Æ /[locale]/cabinet/invoices
Γö£ ╞Æ /[locale]/cabinet/invoices/[id]
Γö£ ╞Æ /[locale]/cabinet/leads
Γö£ ╞Æ /[locale]/cabinet/settings
Γö£ ╞Æ /[locale]/cabinet/shipments
Γö£ ╞Æ /[locale]/cabinet/shipments/[id]
Γö£ ╞Æ /[locale]/cabinet/shipments/map
Γö£ ╞Æ /[locale]/cabinet/shipments/new
Γö£ ΓùÅ /[locale]/calculator
Γöé Γö£ /uz/calculator
Γöé Γö£ /ru/calculator
Γöé Γöö /en/calculator
Γö£ ΓùÅ /[locale]/contact
Γöé Γö£ /uz/contact
Γöé Γö£ /ru/contact
Γöé Γöö /en/contact
Γö£ ΓùÅ /[locale]/contract
Γöé Γö£ /uz/contract
Γöé Γö£ /ru/contract
Γöé Γöö /en/contract
Γö£ ╞Æ /[locale]/feedback/[token]
Γö£ ΓùÅ /[locale]/login
Γöé Γö£ /uz/login
Γöé Γö£ /ru/login
Γöé Γöö /en/login
Γö£ ΓùÅ /[locale]/privacy
Γöé Γö£ /uz/privacy
Γöé Γö£ /ru/privacy
Γöé Γöö /en/privacy
Γö£ ΓùÅ /[locale]/services
Γöé Γö£ /uz/services
Γöé Γö£ /ru/services
Γöé Γöö /en/services
Γö£ ΓùÅ /[locale]/services/[slug]
Γöé Γö£ /uz/services/road
Γöé Γö£ /uz/services/warehouse
Γöé Γö£ /uz/services/international
Γöé Γöö [+12 more paths]
Γö£ ΓùÅ /[locale]/terms
Γöé Γö£ /uz/terms
Γöé Γö£ /ru/terms
Γöé Γöö /en/terms
Γö£ ΓùÅ /[locale]/tracking
Γöé Γö£ /uz/tracking
Γöé Γö£ /ru/tracking
Γöé Γöö /en/tracking
Γö£ ╞Æ /[locale]/tracking/[code]
Γö£ ╞Æ /api/admin/clients/[id]
Γö£ ╞Æ /api/admin/export
Γö£ ╞Æ /api/admin/login
Γö£ ╞Æ /api/admin/shipments
Γö£ ╞Æ /api/admin/users
Γö£ ╞Æ /api/admin/users/[id]
Γö£ ╞Æ /api/auth/check-phone
Γö£ ╞Æ /api/auth/login
Γö£ ╞Æ /api/auth/logout
Γö£ ╞Æ /api/auth/otp/send
Γö£ ╞Æ /api/auth/otp/verify
Γö£ ╞Æ /api/auth/set-password
Γö£ ╞Æ /api/contact
Γö£ ╞Æ /api/contracts
Γö£ ╞Æ /api/contracts/download
Γö£ ╞Æ /api/contracts/preview
Γö£ ╞Æ /api/payments/confirm
Γö£ ╞Æ /api/revalidate
Γö£ ╞Æ /api/stations
Γö£ ╞Æ /api/telegram/webhook
Γö£ ╞Æ /api/tracking
Γö£ Γùï /apple-icon.png
Γö£ Γùï /icon.png
Γö£ Γùï /robots.txt
Γöö Γùï /sitemap.xml


╞Æ Proxy (Middleware)

Γùï  (Static)   prerendered as static content
ΓùÅ  (SSG)      prerendered as static HTML (uses generateStaticParams)
╞Æ  (Dynamic)  server-rendered on demand

